// Jest Snapshot v1, https://goo.gl/fbAQLP

exports[`exports expected selectors 1`] = `
Array [
  "configure",
  "addTestcafeTestingLibrary",
  "within",
  "queryAllByLabelText",
  "getAllByLabelText",
  "queryByLabelText",
  "getByLabelText",
  "findAllByLabelText",
  "findByLabelText",
  "queryByPlaceholderText",
  "queryAllByPlaceholderText",
  "getByPlaceholderText",
  "getAllByPlaceholderText",
  "findAllByPlaceholderText",
  "findByPlaceholderText",
  "queryAllByText",
  "queryByText",
  "getByText",
  "getAllByText",
  "findAllByText",
  "findByText",
  "queryAllByDisplayValue",
  "queryByDisplayValue",
  "getByDisplayValue",
  "getAllByDisplayValue",
  "findAllByDisplayValue",
  "findByDisplayValue",
  "queryAllByAltText",
  "queryByAltText",
  "getByAltText",
  "getAllByAltText",
  "findAllByAltText",
  "findByAltText",
  "queryAllByTitle",
  "queryByTitle",
  "getByTitle",
  "getAllByTitle",
  "findAllByTitle",
  "findByTitle",
  "queryByRole",
  "queryAllByRole",
  "getAllByRole",
  "getByRole",
  "findAllByRole",
  "findByRole",
  "queryByTestId",
  "queryAllByTestId",
  "getByTestId",
  "getAllByTestId",
  "findAllByTestId",
  "findByTestId",
]
`;
